main.c:136:5:main	88	static
main.c:645:6:SystemClock_Config	88	static
main.c:690:13:MX_ADC1_Init	24	static
main.c:740:13:MX_SPI3_Init	8	static
main.c:778:13:MX_TIM3_Init	32	static
main.c:823:13:MX_TIM11_Init	8	static
main.c:854:13:MX_USART2_UART_Init	8	static
main.c:885:13:MX_DMA_Init	16	static
main.c:903:13:MX_GPIO_Init	48	static
main.c:955:6:MCP4922SetOutput	24	static
main.c:962:6:UARTRecieveAndResponsePolling	40	static
main.c:974:6:yemp	88	static
main.c:979:6:wng_press	56	static
main.c:984:6:LED_msg	80	static
main.c:989:6:freq_msg	8	static
main.c:994:6:vhigh_msg	8	static
main.c:999:6:vlow_msg	8	static
main.c:1004:6:dutyc_msg	8	static
main.c:1009:6:sawt_msg	176	static
main.c:1014:6:sinet_msg	144	static
main.c:1019:6:square_msg	192	static
main.c:1024:6:limit_msg	32	static
main.c:1030:9:UARTRecieveIT	16	static
main.c:1047:6:HAL_UART_RxCpltCallback	16	static
main.c:1052:6:HAL_SPI_TxCpltCallback	16	static
main.c:1060:6:HAL_TIM_PeriodElapsedCallback	24	static
main.c:1068:17:micros	12	static
main.c:1078:6:Error_Handler	4	static,ignoring_inline_asm
